// Jest Snapshot v1, https://goo.gl/fbAQLP

exports[`PositionRouter2 #updateDelayValues update delay values 1`] = `36023`;

exports[`PositionRouter2 #updateEstimatedGasLimit update 1`] = `35652`;

exports[`PositionRouter2 #updateExecutionGasLimit update execution gas limit 1`] = `33894`;

exports[`PositionRouter2 #updatePositionExecutor update position executor from false to false 1`] = `33446`;

exports[`PositionRouter2 #updatePositionExecutor update position executor from false to true 1`] = `53358`;

exports[`PositionRouter2 #updatePositionExecutor update position executor from true to false 1`] = `31446`;

exports[`PositionRouter2 #updatePositionExecutor update position executor from true to true 1`] = `33458`;

exports[`PositionRouter2 BurnLPT #cancelBurnLPT cancel when request exists 1`] = `67350`;

exports[`PositionRouter2 BurnLPT #cancelBurnLPT cancel when request not exists 1`] = `27510`;

exports[`PositionRouter2 BurnLPT #createBurnLPT createBurnLPT with permitData again 1`] = `70907`;

exports[`PositionRouter2 BurnLPT #createBurnLPT createBurnLPT without permitData again 1`] = `74026`;

exports[`PositionRouter2 BurnLPT #createBurnLPT first createBurnLPT with permitData 1`] = `140110`;

exports[`PositionRouter2 BurnLPT #createBurnLPT first createBurnLPT without permitData 1`] = `91126`;

exports[`PositionRouter2 BurnLPT #createBurnLPTReceivePUSD createBurnLPTReceivePUSD with permitData again 1`] = `74550`;

exports[`PositionRouter2 BurnLPT #createBurnLPTReceivePUSD createBurnLPTReceivePUSD with permitData again 2`] = `71431`;

exports[`PositionRouter2 BurnLPT #createBurnLPTReceivePUSD first createBurnLPTReceivePUSD with permitData 1`] = `140634`;

exports[`PositionRouter2 BurnLPT #createBurnLPTReceivePUSD first createBurnLPTReceivePUSD without permitData 1`] = `91650`;

exports[`PositionRouter2 BurnLPT #executeBurnLPT execute when request not exists 1`] = `27380`;

exports[`PositionRouter2 BurnLPT #executeBurnLPT execute when the market is not weth 1`] = `78640`;

exports[`PositionRouter2 BurnLPT #executeBurnLPT execute when the market is weth 1`] = `133552`;

exports[`PositionRouter2 BurnLPT #executeBurnLPT execute when the market is weth and refund execution fee 1`] = `141260`;

exports[`PositionRouter2 BurnLPT #executeOrCancelBurnLPT execute burn LPT 1`] = `80507`;

exports[`PositionRouter2 MintLPT #cancelMintLPT cancel when executor cancel and market is not weth 1`] = `51869`;

exports[`PositionRouter2 MintLPT #cancelMintLPT cancel when executor cancel and market is weth 1`] = `59956`;

exports[`PositionRouter2 MintLPT #cancelMintLPT cancel when executor cancel and payPUSD is true 1`] = `49471`;

exports[`PositionRouter2 MintLPT #cancelMintLPT cancel when request not exists 1`] = `26900`;

exports[`PositionRouter2 MintLPT #cancelMintLPT cancel when request owner calls and market is not weth 1`] = `51926`;

exports[`PositionRouter2 MintLPT #cancelMintLPT cancel when request owner calls and market is weth 1`] = `57513`;

exports[`PositionRouter2 MintLPT #cancelMintLPT cancel when request owner calls and payPUSD is true 1`] = `49528`;

exports[`PositionRouter2 MintLPT #createMintLPT createMintLPT with permitData again 1`] = `75327`;

exports[`PositionRouter2 MintLPT #createMintLPT createMintLPT without permitData again 1`] = `78446`;

exports[`PositionRouter2 MintLPT #createMintLPT first createMintLPT with permitData 1`] = `144508`;

exports[`PositionRouter2 MintLPT #createMintLPT first createMintLPT without permitData 1`] = `95546`;

exports[`PositionRouter2 MintLPT #createMintLPTETH createMintLPTETH again 1`] = `69794`;

exports[`PositionRouter2 MintLPT #createMintLPTETH first createMintLPTETH 1`] = `86894`;

exports[`PositionRouter2 MintLPT #createMintLPTPayPUSD createMintLPTPayPUSD with permitData again 1`] = `78909`;

exports[`PositionRouter2 MintLPT #createMintLPTPayPUSD createMintLPTPayPUSD without permitData again 1`] = `78909`;

exports[`PositionRouter2 MintLPT #createMintLPTPayPUSD first createMintLPTPayPUSD with permitData 1`] = `150090`;

exports[`PositionRouter2 MintLPT #createMintLPTPayPUSD first createMintLPTPayPUSD without permitData 1`] = `96009`;

exports[`PositionRouter2 MintLPT #executeMintLPT execute mint LPT 1`] = `61211`;

exports[`PositionRouter2 MintLPT #executeMintLPT execute mint LPT and refund execution fee 1`] = `70846`;

exports[`PositionRouter2 MintLPT #executeMintLPT execute when request is not exists 1`] = `27051`;

exports[`PositionRouter2 MintLPT #executeOrCancelMintLPT execute mint LPT 1`] = `63210`;
