// Jest Snapshot v1, https://goo.gl/fbAQLP

exports[`PositionRouter #updateDelayValues update delay values 1`] = `36177`;

exports[`PositionRouter #updateExecutionGasLimit update execution gas limit 1`] = `33938`;

exports[`PositionRouter #updatePositionExecutor update position executor from false to false 1`] = `33699`;

exports[`PositionRouter #updatePositionExecutor update position executor from false to true 1`] = `53611`;

exports[`PositionRouter #updatePositionExecutor update position executor from true to false 1`] = `31699`;

exports[`PositionRouter #updatePositionExecutor update position executor from true to true 1`] = `33711`;

exports[`PositionRouter BurnPUSD #cancelBurnPUSD cancel burn PUSD 1`] = `54888`;

exports[`PositionRouter BurnPUSD #cancelBurnPUSD cancel when request not exists 1`] = `27491`;

exports[`PositionRouter BurnPUSD #createBurnPUSD createBurnPUSD with permitData again 1`] = `80673`;

exports[`PositionRouter BurnPUSD #createBurnPUSD createBurnPUSD without permitData again 1`] = `83819`;

exports[`PositionRouter BurnPUSD #createBurnPUSD first createBurnPUSD with permitData 1`] = `135824`;

exports[`PositionRouter BurnPUSD #createBurnPUSD first createBurnPUSD without permitData 1`] = `100907`;

exports[`PositionRouter BurnPUSD #executeBurnPUSD execute when exactIn is false and market is not weth 1`] = `98286`;

exports[`PositionRouter BurnPUSD #executeBurnPUSD execute when exactIn is false and the market is weth 1`] = `149293`;

exports[`PositionRouter BurnPUSD #executeBurnPUSD execute when exactIn is false and the market is weth and refund execution fee 1`] = `155010`;

exports[`PositionRouter BurnPUSD #executeBurnPUSD execute when exactIn is true and the market is not weth 1`] = `98294`;

exports[`PositionRouter BurnPUSD #executeBurnPUSD execute when exactIn is true and the market is weth 1`] = `149300`;

exports[`PositionRouter BurnPUSD #executeBurnPUSD execute when request not exists 1`] = `27429`;

exports[`PositionRouter BurnPUSD #executeOrCancelBurnPUSD cancel request if execution reverted 1`] = `67281`;

exports[`PositionRouter BurnPUSD #executeOrCancelBurnPUSD execute request if execution passed 1`] = `80341`;

exports[`PositionRouter DecreasePosition #cancelDecreasePosition cancel when executor cancel 1`] = `38170`;

exports[`PositionRouter DecreasePosition #cancelDecreasePosition cancel when request not exists 1`] = `27047`;

exports[`PositionRouter DecreasePosition #cancelDecreasePosition cancel when request owner calls 1`] = `38227`;

exports[`PositionRouter DecreasePosition #createDecreasePosition createDecreasePosition again 1`] = `54314`;

exports[`PositionRouter DecreasePosition #createDecreasePosition first createDecreasePosition 1`] = `54314`;

exports[`PositionRouter DecreasePosition #createDecreasePositionReceivePUSD createDecreasePositionReceivePUSD again 1`] = `54204`;

exports[`PositionRouter DecreasePosition #createDecreasePositionReceivePUSD first createDecreasePositionReceivePUSD 1`] = `54204`;

exports[`PositionRouter DecreasePosition #executeDecreasePosition execute when request is not exists 1`] = `27628`;

exports[`PositionRouter DecreasePosition #executeDecreasePosition execute when the market is weth 1`] = `110368`;

exports[`PositionRouter DecreasePosition #executeDecreasePosition execute when the market is weth and refund execution fee 1`] = `116076`;

exports[`PositionRouter DecreasePosition #executeDecreasePosition should emit event and distribute funds when receivePUSD is true 1`] = `84015`;

exports[`PositionRouter DecreasePosition #executeDecreasePosition should emit event and distribute funds when the market is not weth 1`] = `56309`;

exports[`PositionRouter DecreasePosition #executeOrCancelDecreasePosition cancel request if execution reverted 1`] = `50734`;

exports[`PositionRouter DecreasePosition #executeOrCancelDecreasePosition execute request if execution passed 1`] = `58220`;

exports[`PositionRouter IncreasePosition #cancelIncreasePosition cancel when executor cancel and market is not weth 1`] = `51691`;

exports[`PositionRouter IncreasePosition #cancelIncreasePosition cancel when executor cancel and market is weth 1`] = `59826`;

exports[`PositionRouter IncreasePosition #cancelIncreasePosition cancel when executor cancel and payPUSD is true 1`] = `54176`;

exports[`PositionRouter IncreasePosition #cancelIncreasePosition cancel when request not exists 1`] = `26707`;

exports[`PositionRouter IncreasePosition #cancelIncreasePosition cancel when request owner calls and market is not weth 1`] = `26707`;

exports[`PositionRouter IncreasePosition #cancelIncreasePosition cancel when request owner calls and market is weth 1`] = `57383`;

exports[`PositionRouter IncreasePosition #cancelIncreasePosition cancel when request owner calls and payPUSD is true 1`] = `54233`;

exports[`PositionRouter IncreasePosition #createIncreasePosition createIncreasePosition with permitData again 1`] = `75312`;

exports[`PositionRouter IncreasePosition #createIncreasePosition createIncreasePosition without permitData again 1`] = `78431`;

exports[`PositionRouter IncreasePosition #createIncreasePosition first createIncreasePosition with permitData 1`] = `124528`;

exports[`PositionRouter IncreasePosition #createIncreasePosition first createIncreasePosition without permitData 1`] = `95531`;

exports[`PositionRouter IncreasePosition #createIncreasePositionETH createIncreasePositionETH again 1`] = `69276`;

exports[`PositionRouter IncreasePosition #createIncreasePositionETH first createIncreasePositionETH 1`] = `86376`;

exports[`PositionRouter IncreasePosition #createIncreasePositionPayPUSD createIncreasePositionPayPUSD with permitData again 1`] = `80895`;

exports[`PositionRouter IncreasePosition #createIncreasePositionPayPUSD createIncreasePositionPayPUSD without permitData again 1`] = `84041`;

exports[`PositionRouter IncreasePosition #createIncreasePositionPayPUSD first createIncreasePositionPayPUSD with permitData 1`] = `136058`;

exports[`PositionRouter IncreasePosition #createIncreasePositionPayPUSD first createIncreasePositionPayPUSD without permitData 1`] = `101141`;

exports[`PositionRouter IncreasePosition #executeIncreasePosition execute when request is exists 1`] = `66163`;

exports[`PositionRouter IncreasePosition #executeIncreasePosition execute when request is exists and refund execution fee 1`] = `75798`;

exports[`PositionRouter IncreasePosition #executeIncreasePosition execute when request is not exists 1`] = `27047`;

exports[`PositionRouter IncreasePosition #executeOrCancelIncreasePosition cancel request if execution reverted 1`] = `63466`;

exports[`PositionRouter IncreasePosition #executeOrCancelIncreasePosition execute request if execution passed 1`] = `67700`;

exports[`PositionRouter MintPUSD #cancelMintPUSD cancel when executor cancel and market is not weth 1`] = `52209`;

exports[`PositionRouter MintPUSD #cancelMintPUSD cancel when executor cancel and market is weth 1`] = `27290`;

exports[`PositionRouter MintPUSD #cancelMintPUSD cancel when request not exists 1`] = `27290`;

exports[`PositionRouter MintPUSD #cancelMintPUSD cancel when request owner calls 1`] = `27302`;

exports[`PositionRouter MintPUSD #createMintPUSD createMintPUSD with permitData again 1`] = `75788`;

exports[`PositionRouter MintPUSD #createMintPUSD createMintPUSD without permitData again 1`] = `78907`;

exports[`PositionRouter MintPUSD #createMintPUSD first createMintPUSD with permitData 1`] = `124992`;

exports[`PositionRouter MintPUSD #createMintPUSD first createMintPUSD without permitData 1`] = `95995`;

exports[`PositionRouter MintPUSD #createMintPUSDETH createMintPUSDETH again 1`] = `69741`;

exports[`PositionRouter MintPUSD #createMintPUSDETH first createMintPUSDETH 1`] = `86829`;

exports[`PositionRouter MintPUSD #executeMintPUSD cancel request if execution reverted 1`] = `63531`;

exports[`PositionRouter MintPUSD #executeMintPUSD execute request if execution passed 1`] = `71844`;

exports[`PositionRouter MintPUSD #executeMintPUSD execute when request is not exists 1`] = `26950`;

exports[`PositionRouter MintPUSD #executeMintPUSD execute when the exactIn is false and market is not weth 1`] = `70468`;

exports[`PositionRouter MintPUSD #executeMintPUSD execute when the exactIn is false and market is not weth and refund execution fee 1`] = `80114`;

exports[`PositionRouter MintPUSD #executeMintPUSD execute when the exactIn is false and market is weth 1`] = `98366`;

exports[`PositionRouter MintPUSD #executeMintPUSD execute when the exactIn is true and market is not weth 1`] = `73260`;

exports[`PositionRouter MintPUSD #executeMintPUSD execute when the exactIn is true and market is weth 1`] = `98358`;
